fatal error: UB: Tree Borrows: Child writing a pointer with the Disabled permission
