fatal error: UB: Tree Borrows: Child reading a pointer with Disabled permission
