fatal error: UB: Tree Borrows: Child reading a pointer without permission
