fatal error: UB: Tree Borrows: Child writing a pointer without permission
